Archive member included because of file (symbol)

c:/program files/atmel/atmel studio 6.0/extensions/atmel/avrgcc/3.4.0.65/avrtoolchain/bin/../lib/gcc/avr/4.6.2/avrxmega2\libgcc.a(_udivmodsi4.o)
                              adc.o (__udivmodsi4)
c:/program files/atmel/atmel studio 6.0/extensions/atmel/avrgcc/3.4.0.65/avrtoolchain/bin/../lib/gcc/avr/4.6.2/avrxmega2\libgcc.a(_exit.o)
                              c:/program files/atmel/atmel studio 6.0/extensions/atmel/avrgcc/3.4.0.65/avrtoolchain/bin/../lib/gcc/avr/4.6.2/../../../../avr/lib/avrxmega2/crtx16a4.o (exit)
c:/program files/atmel/atmel studio 6.0/extensions/atmel/avrgcc/3.4.0.65/avrtoolchain/bin/../lib/gcc/avr/4.6.2/avrxmega2\libgcc.a(_copy_data.o)
                              ac.o (__do_copy_data)
c:/program files/atmel/atmel studio 6.0/extensions/atmel/avrgcc/3.4.0.65/avrtoolchain/bin/../lib/gcc/avr/4.6.2/avrxmega2\libgcc.a(_clear_bss.o)
                              ac.o (__do_clear_bss)

Allocating common symbols
Common symbol       size              file

uart_itail          0x1               uart_buffer.o
adc_count           0x1               adc.o
uart_ibuffer        0xa               uart_buffer.o
adc_avg             0x2               adc.o
uart_head           0x1               uart_buffer.o
uart_buffer         0xfa              uart_buffer.o
STATE_Button        0x1               ac.o
uart_ihead          0x1               uart_buffer.o
adc_max             0x2               adc.o
adc_min             0x2               adc.o
uart_tail           0x1               uart_buffer.o
port                0x2               uart_buffer.o

Memory Configuration

Name             Origin             Length             Attributes
text             0x00000000         0x00100000         xr
data             0x00802000         0x0000ffa0         rw !x
eeprom           0x00810000         0x00010000         rw !x
fuse             0x00820000         0x00000400         rw !x
lock             0x00830000         0x00000400         rw !x
signature        0x00840000         0x00000400         rw !x
*default*        0x00000000         0xffffffff

Linker script and memory map

LOAD c:/program files/atmel/atmel studio 6.0/extensions/atmel/avrgcc/3.4.0.65/avrtoolchain/bin/../lib/gcc/avr/4.6.2/../../../../avr/lib/avrxmega2/crtx16a4.o
LOAD ac.o
LOAD adc.o
LOAD dac.o
LOAD Neurotrigger2.o
LOAD pwm.o
LOAD uart.o
LOAD uart_buffer.o
LOAD ui.o
START GROUP
LOAD c:/program files/atmel/atmel studio 6.0/extensions/atmel/avrgcc/3.4.0.65/avrtoolchain/bin/../lib/gcc/avr/4.6.2/../../../../avr/lib/avrxmega2\libm.a
END GROUP
LOAD c:/program files/atmel/atmel studio 6.0/extensions/atmel/avrgcc/3.4.0.65/avrtoolchain/bin/../lib/gcc/avr/4.6.2/avrxmega2\libgcc.a
LOAD c:/program files/atmel/atmel studio 6.0/extensions/atmel/avrgcc/3.4.0.65/avrtoolchain/bin/../lib/gcc/avr/4.6.2/../../../../avr/lib/avrxmega2\libc.a
LOAD c:/program files/atmel/atmel studio 6.0/extensions/atmel/avrgcc/3.4.0.65/avrtoolchain/bin/../lib/gcc/avr/4.6.2/avrxmega2\libgcc.a

.hash
 *(.hash)

.dynsym
 *(.dynsym)

.dynstr
 *(.dynstr)

.gnu.version
 *(.gnu.version)

.gnu.version_d
 *(.gnu.version_d)

.gnu.version_r
 *(.gnu.version_r)

.rel.init
 *(.rel.init)

.rela.init
 *(.rela.init)

.rel.text
 *(.rel.text)
 *(.rel.text.*)
 *(.rel.gnu.linkonce.t*)

.rela.text
 *(.rela.text)
 *(.rela.text.*)
 *(.rela.gnu.linkonce.t*)

.rel.fini
 *(.rel.fini)

.rela.fini
 *(.rela.fini)

.rel.rodata
 *(.rel.rodata)
 *(.rel.rodata.*)
 *(.rel.gnu.linkonce.r*)

.rela.rodata
 *(.rela.rodata)
 *(.rela.rodata.*)
 *(.rela.gnu.linkonce.r*)

.rel.data
 *(.rel.data)
 *(.rel.data.*)
 *(.rel.gnu.linkonce.d*)

.rela.data
 *(.rela.data)
 *(.rela.data.*)
 *(.rela.gnu.linkonce.d*)

.rel.ctors
 *(.rel.ctors)

.rela.ctors
 *(.rela.ctors)

.rel.dtors
 *(.rel.dtors)

.rela.dtors
 *(.rela.dtors)

.rel.got
 *(.rel.got)

.rela.got
 *(.rela.got)

.rel.bss
 *(.rel.bss)

.rela.bss
 *(.rela.bss)

.rel.plt
 *(.rel.plt)

.rela.plt
 *(.rela.plt)

.text           0x00000000     0x17a8
 *(.vectors)
 .vectors       0x00000000      0x178 c:/program files/atmel/atmel studio 6.0/extensions/atmel/avrgcc/3.4.0.65/avrtoolchain/bin/../lib/gcc/avr/4.6.2/../../../../avr/lib/avrxmega2/crtx16a4.o
                0x00000000                __vector_default
                0x00000000                __vectors
 *(.vectors)
 *(.progmem.gcc*)
 *(.progmem*)
                0x00000178                . = ALIGN (0x2)
                0x00000178                __trampolines_start = .
 *(.trampolines)
 .trampolines   0x00000178        0x0 linker stubs
 *(.trampolines*)
                0x00000178                __trampolines_end = .
 *(.jumptables)
 *(.jumptables*)
 *(.lowtext)
 *(.lowtext*)
                0x00000178                __ctors_start = .
 *(.ctors)
                0x00000178                __ctors_end = .
                0x00000178                __dtors_start = .
 *(.dtors)
                0x00000178                __dtors_end = .
 SORT(*)(.ctors)
 SORT(*)(.dtors)
 *(.init0)
 .init0         0x00000178        0x0 c:/program files/atmel/atmel studio 6.0/extensions/atmel/avrgcc/3.4.0.65/avrtoolchain/bin/../lib/gcc/avr/4.6.2/../../../../avr/lib/avrxmega2/crtx16a4.o
                0x00000178                __init
 *(.init0)
 *(.init1)
 *(.init1)
 *(.init2)
 .init2         0x00000178        0xc c:/program files/atmel/atmel studio 6.0/extensions/atmel/avrgcc/3.4.0.65/avrtoolchain/bin/../lib/gcc/avr/4.6.2/../../../../avr/lib/avrxmega2/crtx16a4.o
 *(.init2)
 *(.init3)
 *(.init3)
 *(.init4)
 .init4         0x00000184       0x16 c:/program files/atmel/atmel studio 6.0/extensions/atmel/avrgcc/3.4.0.65/avrtoolchain/bin/../lib/gcc/avr/4.6.2/avrxmega2\libgcc.a(_copy_data.o)
                0x00000184                __do_copy_data
 .init4         0x0000019a       0x10 c:/program files/atmel/atmel studio 6.0/extensions/atmel/avrgcc/3.4.0.65/avrtoolchain/bin/../lib/gcc/avr/4.6.2/avrxmega2\libgcc.a(_clear_bss.o)
                0x0000019a                __do_clear_bss
 *(.init4)
 *(.init5)
 *(.init5)
 *(.init6)
 *(.init6)
 *(.init7)
 *(.init7)
 *(.init8)
 *(.init8)
 *(.init9)
 .init9         0x000001aa        0x8 c:/program files/atmel/atmel studio 6.0/extensions/atmel/avrgcc/3.4.0.65/avrtoolchain/bin/../lib/gcc/avr/4.6.2/../../../../avr/lib/avrxmega2/crtx16a4.o
 *(.init9)
 *(.text)
 .text          0x000001b2        0x4 c:/program files/atmel/atmel studio 6.0/extensions/atmel/avrgcc/3.4.0.65/avrtoolchain/bin/../lib/gcc/avr/4.6.2/../../../../avr/lib/avrxmega2/crtx16a4.o
                0x000001b2                __vector_38
                0x000001b2                __vector_22
                0x000001b2                __vector_63
                0x000001b2                __vector_28
                0x000001b2                __vector_67
                0x000001b2                __vector_1
                0x000001b2                __vector_32
                0x000001b2                __vector_75
                0x000001b2                __vector_71
                0x000001b2                __vector_91
                0x000001b2                __vector_34
                0x000001b2                __vector_62
                0x000001b2                __vector_77
                0x000001b2                __vector_24
                0x000001b2                __vector_12
                0x000001b2                __vector_55
                0x000001b2                __vector_69
                0x000001b2                __vector_81
                0x000001b2                __vector_90
                0x000001b2                __vector_46
                0x000001b2                __bad_interrupt
                0x000001b2                __vector_72
                0x000001b2                __vector_6
                0x000001b2                __vector_31
                0x000001b2                __vector_92
                0x000001b2                __vector_35
                0x000001b2                __vector_78
                0x000001b2                __vector_74
                0x000001b2                __vector_39
                0x000001b2                __vector_3
                0x000001b2                __vector_23
                0x000001b2                __vector_30
                0x000001b2                __vector_73
                0x000001b2                __vector_45
                0x000001b2                __vector_25
                0x000001b2                __vector_93
                0x000001b2                __vector_61
                0x000001b2                __vector_11
                0x000001b2                __vector_54
                0x000001b2                __vector_13
                0x000001b2                __vector_17
                0x000001b2                __vector_19
                0x000001b2                __vector_56
                0x000001b2                __vector_7
                0x000001b2                __vector_49
                0x000001b2                __vector_41
                0x000001b2                __vector_86
                0x000001b2                __vector_64
                0x000001b2                __vector_88
                0x000001b2                __vector_43
                0x000001b2                __vector_27
                0x000001b2                __vector_5
                0x000001b2                __vector_33
                0x000001b2                __vector_76
                0x000001b2                __vector_47
                0x000001b2                __vector_52
                0x000001b2                __vector_37
                0x000001b2                __vector_89
                0x000001b2                __vector_4
                0x000001b2                __vector_44
                0x000001b2                __vector_82
                0x000001b2                __vector_51
                0x000001b2                __vector_9
                0x000001b2                __vector_21
                0x000001b2                __vector_15
                0x000001b2                __vector_66
                0x000001b2                __vector_36
                0x000001b2                __vector_79
                0x000001b2                __vector_58
                0x000001b2                __vector_70
                0x000001b2                __vector_83
                0x000001b2                __vector_29
                0x000001b2                __vector_60
                0x000001b2                __vector_40
                0x000001b2                __vector_85
                0x000001b2                __vector_8
                0x000001b2                __vector_26
                0x000001b2                __vector_48
                0x000001b2                __vector_80
                0x000001b2                __vector_14
                0x000001b2                __vector_84
                0x000001b2                __vector_57
                0x000001b2                __vector_53
                0x000001b2                __vector_10
                0x000001b2                __vector_50
                0x000001b2                __vector_16
                0x000001b2                __vector_18
                0x000001b2                __vector_20
                0x000001b2                __vector_42
                0x000001b2                __vector_87
                0x000001b2                __vector_65
 .text          0x000001b6       0x64 ac.o
                0x000001b6                ac_output
                0x000001cc                init_ac
                0x000001e0                ac_hysteresis
                0x00000200                ac_polarity
                0x00000218                service_ac
 .text          0x0000021a      0x1b0 adc.o
                0x0000021a                init_adc
                0x00000230                adc_ch0
                0x0000024c                adc_ch1
                0x00000268                adc_ch0_stats
                0x00000318                adc_ch1_stats
                0x000003c8                service_adc
 .text          0x000003ca       0x60 dac.o
                0x000003ca                init_dac
                0x000003dc                dac_output0
                0x000003f8                dac_out0
                0x00000406                dac_out1
                0x00000414                dac_read0
                0x0000041e                dac_read1
                0x00000428                service_dac
 .text          0x0000042a      0x318 Neurotrigger2.o
                0x0000042a                main
 .text          0x00000742      0x346 pwm.o
                0x00000742                init_pwm
                0x00000744                pwm_enable
                0x0000078c                pwm_disable
                0x0000079c                pwm_mode
                0x000007a4                pwm_polarity
                0x000007aa                pwm_timer_reset
                0x000007b8                edge_start
                0x000007be                between
                0x000007d6                pwm_pulse
                0x000007ec                pwm_decode
                0x00000910                edge_stop
                0x0000094c                __vector_68
                0x00000a3e                service_pwm
 .text          0x00000a88      0x7b6 uart.o
                0x00000a88                init_uart
                0x00000b44                uart_send_byte
                0x00000b50                uart_send_BIN4
                0x00000dba                uart_send_BIN8
                0x00000de8                uart_send_HEX4
                0x00000eb4                uart_send_HEX8
                0x00000ed8                uart_send_HEX16b
                0x00000ef6                uart_send_HEX16
                0x00000f16                uart_enq_BIN4
                0x00001114                uart_enq_BIN8
                0x00001134                uart_enq_HEX4
                0x00001200                uart_enq_HEX8
                0x00001218                uart_enq_HEX16b
                0x0000122a                uart_enq_HEX16
 .text          0x0000123e      0x352 uart_buffer.o
                0x0000123e                uart_txbuffer_enable
                0x0000124e                uart_txbuffer_disable
                0x0000125e                uart_transmit
                0x00001302                __vector_59
                0x000013e8                init_uart_obuffer
                0x000013f2                init_uart_buffer
                0x00001400                uart_count
                0x00001426                uart_enqueue
                0x000014ee                uart_dequeue
                0x00001514                init_uart_ibuffer
                0x0000151e                uart_icount
                0x00001544                uart_ienqueue
                0x0000156a                uart_idequeue
 .text          0x00001590      0x1d0 ui.o
                0x00001590                init_ui
                0x000015f2                led_dim
                0x00001614                led_off
                0x0000161c                led_on
                0x00001624                led_toggle
                0x00001646                service_leds
                0x00001648                __vector_2
                0x0000168c                service_button
                0x0000168e                sw_on
                0x000016d0                service_switches
 .text          0x00001760        0x0 c:/program files/atmel/atmel studio 6.0/extensions/atmel/avrgcc/3.4.0.65/avrtoolchain/bin/../lib/gcc/avr/4.6.2/avrxmega2\libgcc.a(_udivmodsi4.o)
 .text          0x00001760        0x0 c:/program files/atmel/atmel studio 6.0/extensions/atmel/avrgcc/3.4.0.65/avrtoolchain/bin/../lib/gcc/avr/4.6.2/avrxmega2\libgcc.a(_exit.o)
 .text          0x00001760        0x0 c:/program files/atmel/atmel studio 6.0/extensions/atmel/avrgcc/3.4.0.65/avrtoolchain/bin/../lib/gcc/avr/4.6.2/avrxmega2\libgcc.a(_copy_data.o)
 .text          0x00001760        0x0 c:/program files/atmel/atmel studio 6.0/extensions/atmel/avrgcc/3.4.0.65/avrtoolchain/bin/../lib/gcc/avr/4.6.2/avrxmega2\libgcc.a(_clear_bss.o)
                0x00001760                . = ALIGN (0x2)
 *(.text.*)
 .text.libgcc   0x00001760       0x44 c:/program files/atmel/atmel studio 6.0/extensions/atmel/avrgcc/3.4.0.65/avrtoolchain/bin/../lib/gcc/avr/4.6.2/avrxmega2\libgcc.a(_udivmodsi4.o)
                0x00001760                __udivmodsi4
 .text.libgcc   0x000017a4        0x0 c:/program files/atmel/atmel studio 6.0/extensions/atmel/avrgcc/3.4.0.65/avrtoolchain/bin/../lib/gcc/avr/4.6.2/avrxmega2\libgcc.a(_exit.o)
 .text.libgcc   0x000017a4        0x0 c:/program files/atmel/atmel studio 6.0/extensions/atmel/avrgcc/3.4.0.65/avrtoolchain/bin/../lib/gcc/avr/4.6.2/avrxmega2\libgcc.a(_copy_data.o)
 .text.libgcc   0x000017a4        0x0 c:/program files/atmel/atmel studio 6.0/extensions/atmel/avrgcc/3.4.0.65/avrtoolchain/bin/../lib/gcc/avr/4.6.2/avrxmega2\libgcc.a(_clear_bss.o)
                0x000017a4                . = ALIGN (0x2)
 *(.fini9)
 .fini9         0x000017a4        0x0 c:/program files/atmel/atmel studio 6.0/extensions/atmel/avrgcc/3.4.0.65/avrtoolchain/bin/../lib/gcc/avr/4.6.2/avrxmega2\libgcc.a(_exit.o)
                0x000017a4                _exit
                0x000017a4                exit
 *(.fini9)
 *(.fini8)
 *(.fini8)
 *(.fini7)
 *(.fini7)
 *(.fini6)
 *(.fini6)
 *(.fini5)
 *(.fini5)
 *(.fini4)
 *(.fini4)
 *(.fini3)
 *(.fini3)
 *(.fini2)
 *(.fini2)
 *(.fini1)
 *(.fini1)
 *(.fini0)
 .fini0         0x000017a4        0x4 c:/program files/atmel/atmel studio 6.0/extensions/atmel/avrgcc/3.4.0.65/avrtoolchain/bin/../lib/gcc/avr/4.6.2/avrxmega2\libgcc.a(_exit.o)
 *(.fini0)
                0x000017a8                _etext = .

.data           0x00802000        0x2 load address 0x000017a8
                0x00802000                PROVIDE (__data_start, .)
 *(.data)
 .data          0x00802000        0x0 c:/program files/atmel/atmel studio 6.0/extensions/atmel/avrgcc/3.4.0.65/avrtoolchain/bin/../lib/gcc/avr/4.6.2/../../../../avr/lib/avrxmega2/crtx16a4.o
 .data          0x00802000        0x0 ac.o
 .data          0x00802000        0x0 adc.o
 .data          0x00802000        0x0 dac.o
 .data          0x00802000        0x0 Neurotrigger2.o
 .data          0x00802000        0x2 pwm.o
                0x00802000                STATE_Pwm_Polarity
                0x00802001                STATE_Pwm
 .data          0x00802002        0x0 uart.o
 .data          0x00802002        0x0 uart_buffer.o
 .data          0x00802002        0x0 ui.o
 .data          0x00802002        0x0 c:/program files/atmel/atmel studio 6.0/extensions/atmel/avrgcc/3.4.0.65/avrtoolchain/bin/../lib/gcc/avr/4.6.2/avrxmega2\libgcc.a(_udivmodsi4.o)
 .data          0x00802002        0x0 c:/program files/atmel/atmel studio 6.0/extensions/atmel/avrgcc/3.4.0.65/avrtoolchain/bin/../lib/gcc/avr/4.6.2/avrxmega2\libgcc.a(_exit.o)
 .data          0x00802002        0x0 c:/program files/atmel/atmel studio 6.0/extensions/atmel/avrgcc/3.4.0.65/avrtoolchain/bin/../lib/gcc/avr/4.6.2/avrxmega2\libgcc.a(_copy_data.o)
 .data          0x00802002        0x0 c:/program files/atmel/atmel studio 6.0/extensions/atmel/avrgcc/3.4.0.65/avrtoolchain/bin/../lib/gcc/avr/4.6.2/avrxmega2\libgcc.a(_clear_bss.o)
 *(.data*)
 *(.rodata)
 *(.rodata*)
 *(.gnu.linkonce.d*)
                0x00802002                . = ALIGN (0x2)
                0x00802002                _edata = .
                0x00802002                PROVIDE (__data_end, .)

.bss            0x00802002      0x116
                0x00802002                PROVIDE (__bss_start, .)
 *(.bss)
 .bss           0x00802002        0x0 c:/program files/atmel/atmel studio 6.0/extensions/atmel/avrgcc/3.4.0.65/avrtoolchain/bin/../lib/gcc/avr/4.6.2/../../../../avr/lib/avrxmega2/crtx16a4.o
 .bss           0x00802002        0x0 ac.o
 .bss           0x00802002        0x0 adc.o
 .bss           0x00802002        0x0 dac.o
 .bss           0x00802002        0x1 Neurotrigger2.o
                0x00802002                STATE_Autolevel
 .bss           0x00802003        0x2 pwm.o
                0x00802003                STATE_Pwm_Counter
 .bss           0x00802005        0x0 uart.o
 .bss           0x00802005        0x0 uart_buffer.o
 .bss           0x00802005        0x1 ui.o
 .bss           0x00802006        0x0 c:/program files/atmel/atmel studio 6.0/extensions/atmel/avrgcc/3.4.0.65/avrtoolchain/bin/../lib/gcc/avr/4.6.2/avrxmega2\libgcc.a(_udivmodsi4.o)
 .bss           0x00802006        0x0 c:/program files/atmel/atmel studio 6.0/extensions/atmel/avrgcc/3.4.0.65/avrtoolchain/bin/../lib/gcc/avr/4.6.2/avrxmega2\libgcc.a(_exit.o)
 .bss           0x00802006        0x0 c:/program files/atmel/atmel studio 6.0/extensions/atmel/avrgcc/3.4.0.65/avrtoolchain/bin/../lib/gcc/avr/4.6.2/avrxmega2\libgcc.a(_copy_data.o)
 .bss           0x00802006        0x0 c:/program files/atmel/atmel studio 6.0/extensions/atmel/avrgcc/3.4.0.65/avrtoolchain/bin/../lib/gcc/avr/4.6.2/avrxmega2\libgcc.a(_clear_bss.o)
 *(.bss*)
 *(COMMON)
 COMMON         0x00802006        0x1 ac.o
                0x00802006                STATE_Button
 COMMON         0x00802007        0x7 adc.o
                0x00802007                adc_count
                0x00802008                adc_avg
                0x0080200a                adc_max
                0x0080200c                adc_min
 COMMON         0x0080200e      0x10a uart_buffer.o
                0x0080200e                uart_itail
                0x0080200f                uart_ibuffer
                0x00802019                uart_head
                0x0080201a                uart_buffer
                0x00802114                uart_ihead
                0x00802115                uart_tail
                0x00802116                port
                0x00802118                PROVIDE (__bss_end, .)
                0x000017a8                __data_load_start = LOADADDR (.data)
                0x000017aa                __data_load_end = (__data_load_start + SIZEOF (.data))

.noinit         0x00802118        0x0
                0x00802118                PROVIDE (__noinit_start, .)
 *(.noinit*)
                0x00802118                PROVIDE (__noinit_end, .)
                0x00802118                _end = .
                0x00802118                PROVIDE (__heap_start, .)

.eeprom         0x00810000        0x0
 *(.eeprom*)
                0x00810000                __eeprom_end = .

.fuse
 *(.fuse)
 *(.lfuse)
 *(.hfuse)
 *(.efuse)

.lock
 *(.lock*)

.signature
 *(.signature*)

.stab           0x00000000      0x6cc
 *(.stab)
 .stab          0x00000000      0x6cc c:/program files/atmel/atmel studio 6.0/extensions/atmel/avrgcc/3.4.0.65/avrtoolchain/bin/../lib/gcc/avr/4.6.2/../../../../avr/lib/avrxmega2/crtx16a4.o

.stabstr        0x00000000       0x85
 *(.stabstr)
 .stabstr       0x00000000       0x85 c:/program files/atmel/atmel studio 6.0/extensions/atmel/avrgcc/3.4.0.65/avrtoolchain/bin/../lib/gcc/avr/4.6.2/../../../../avr/lib/avrxmega2/crtx16a4.o

.stab.excl
 *(.stab.excl)

.stab.exclstr
 *(.stab.exclstr)

.stab.index
 *(.stab.index)

.stab.indexstr
 *(.stab.indexstr)

.comment
 *(.comment)

.debug
 *(.debug)

.line
 *(.line)

.debug_srcinfo
 *(.debug_srcinfo)

.debug_sfnames
 *(.debug_sfnames)

.debug_aranges  0x00000000      0x180
 *(.debug_aranges)
 .debug_aranges
                0x00000000       0x20 ac.o
 .debug_aranges
                0x00000020       0x20 adc.o
 .debug_aranges
                0x00000040       0x20 dac.o
 .debug_aranges
                0x00000060       0x20 Neurotrigger2.o
 .debug_aranges
                0x00000080       0x20 pwm.o
 .debug_aranges
                0x000000a0       0x20 uart.o
 .debug_aranges
                0x000000c0       0x20 uart_buffer.o
 .debug_aranges
                0x000000e0       0x20 ui.o
 .debug_aranges
                0x00000100       0x20 c:/program files/atmel/atmel studio 6.0/extensions/atmel/avrgcc/3.4.0.65/avrtoolchain/bin/../lib/gcc/avr/4.6.2/avrxmega2\libgcc.a(_udivmodsi4.o)
 .debug_aranges
                0x00000120       0x20 c:/program files/atmel/atmel studio 6.0/extensions/atmel/avrgcc/3.4.0.65/avrtoolchain/bin/../lib/gcc/avr/4.6.2/avrxmega2\libgcc.a(_exit.o)
 .debug_aranges
                0x00000140       0x20 c:/program files/atmel/atmel studio 6.0/extensions/atmel/avrgcc/3.4.0.65/avrtoolchain/bin/../lib/gcc/avr/4.6.2/avrxmega2\libgcc.a(_copy_data.o)
 .debug_aranges
                0x00000160       0x20 c:/program files/atmel/atmel studio 6.0/extensions/atmel/avrgcc/3.4.0.65/avrtoolchain/bin/../lib/gcc/avr/4.6.2/avrxmega2\libgcc.a(_clear_bss.o)

.debug_pubnames
 *(.debug_pubnames)

.debug_info     0x00000000     0x3cc0
 *(.debug_info)
 .debug_info    0x00000000      0x1b5 ac.o
 .debug_info    0x000001b5      0x61a adc.o
 .debug_info    0x000007cf      0x383 dac.o
 .debug_info    0x00000b52      0x9c1 Neurotrigger2.o
 .debug_info    0x00001513      0xb9f pwm.o
 .debug_info    0x000020b2      0x5a4 uart.o
 .debug_info    0x00002656      0x4c0 uart_buffer.o
 .debug_info    0x00002b16      0xe22 ui.o
 .debug_info    0x00003938       0xe2 c:/program files/atmel/atmel studio 6.0/extensions/atmel/avrgcc/3.4.0.65/avrtoolchain/bin/../lib/gcc/avr/4.6.2/avrxmega2\libgcc.a(_udivmodsi4.o)
 .debug_info    0x00003a1a       0xe2 c:/program files/atmel/atmel studio 6.0/extensions/atmel/avrgcc/3.4.0.65/avrtoolchain/bin/../lib/gcc/avr/4.6.2/avrxmega2\libgcc.a(_exit.o)
 .debug_info    0x00003afc       0xe2 c:/program files/atmel/atmel studio 6.0/extensions/atmel/avrgcc/3.4.0.65/avrtoolchain/bin/../lib/gcc/avr/4.6.2/avrxmega2\libgcc.a(_copy_data.o)
 .debug_info    0x00003bde       0xe2 c:/program files/atmel/atmel studio 6.0/extensions/atmel/avrgcc/3.4.0.65/avrtoolchain/bin/../lib/gcc/avr/4.6.2/avrxmega2\libgcc.a(_clear_bss.o)
 *(.gnu.linkonce.wi.*)

.debug_abbrev   0x00000000      0xb5a
 *(.debug_abbrev)
 .debug_abbrev  0x00000000       0xb3 ac.o
 .debug_abbrev  0x000000b3      0x14a adc.o
 .debug_abbrev  0x000001fd      0x118 dac.o
 .debug_abbrev  0x00000315      0x12d Neurotrigger2.o
 .debug_abbrev  0x00000442      0x23d pwm.o
 .debug_abbrev  0x0000067f      0x12a uart.o
 .debug_abbrev  0x000007a9      0x1e9 uart_buffer.o
 .debug_abbrev  0x00000992      0x178 ui.o
 .debug_abbrev  0x00000b0a       0x14 c:/program files/atmel/atmel studio 6.0/extensions/atmel/avrgcc/3.4.0.65/avrtoolchain/bin/../lib/gcc/avr/4.6.2/avrxmega2\libgcc.a(_udivmodsi4.o)
 .debug_abbrev  0x00000b1e       0x14 c:/program files/atmel/atmel studio 6.0/extensions/atmel/avrgcc/3.4.0.65/avrtoolchain/bin/../lib/gcc/avr/4.6.2/avrxmega2\libgcc.a(_exit.o)
 .debug_abbrev  0x00000b32       0x14 c:/program files/atmel/atmel studio 6.0/extensions/atmel/avrgcc/3.4.0.65/avrtoolchain/bin/../lib/gcc/avr/4.6.2/avrxmega2\libgcc.a(_copy_data.o)
 .debug_abbrev  0x00000b46       0x14 c:/program files/atmel/atmel studio 6.0/extensions/atmel/avrgcc/3.4.0.65/avrtoolchain/bin/../lib/gcc/avr/4.6.2/avrxmega2\libgcc.a(_clear_bss.o)

.debug_line     0x00000000     0x1219
 *(.debug_line)
 .debug_line    0x00000000      0x183 ac.o
 .debug_line    0x00000183      0x1cd adc.o
 .debug_line    0x00000350      0x181 dac.o
 .debug_line    0x000004d1      0x21e Neurotrigger2.o
 .debug_line    0x000006ef      0x223 pwm.o
 .debug_line    0x00000912      0x2a2 uart.o
 .debug_line    0x00000bb4      0x22d uart_buffer.o
 .debug_line    0x00000de1      0x1e9 ui.o
 .debug_line    0x00000fca       0xa8 c:/program files/atmel/atmel studio 6.0/extensions/atmel/avrgcc/3.4.0.65/avrtoolchain/bin/../lib/gcc/avr/4.6.2/avrxmega2\libgcc.a(_udivmodsi4.o)
 .debug_line    0x00001072       0x88 c:/program files/atmel/atmel studio 6.0/extensions/atmel/avrgcc/3.4.0.65/avrtoolchain/bin/../lib/gcc/avr/4.6.2/avrxmega2\libgcc.a(_exit.o)
 .debug_line    0x000010fa       0x91 c:/program files/atmel/atmel studio 6.0/extensions/atmel/avrgcc/3.4.0.65/avrtoolchain/bin/../lib/gcc/avr/4.6.2/avrxmega2\libgcc.a(_copy_data.o)
 .debug_line    0x0000118b       0x8e c:/program files/atmel/atmel studio 6.0/extensions/atmel/avrgcc/3.4.0.65/avrtoolchain/bin/../lib/gcc/avr/4.6.2/avrxmega2\libgcc.a(_clear_bss.o)

.debug_frame    0x00000000      0x684
 *(.debug_frame)
 .debug_frame   0x00000000       0x64 ac.o
 .debug_frame   0x00000064       0xc4 adc.o
 .debug_frame   0x00000128       0x84 dac.o
 .debug_frame   0x000001ac       0x24 Neurotrigger2.o
 .debug_frame   0x000001d0      0x158 pwm.o
 .debug_frame   0x00000328      0x160 uart.o
 .debug_frame   0x00000488      0x12c uart_buffer.o
 .debug_frame   0x000005b4       0xd0 ui.o

.debug_str      0x00000000      0xc57
 *(.debug_str)
 .debug_str     0x00000000       0xff ac.o
                                0x157 (size before relaxing)
 .debug_str     0x000000ff      0x238 adc.o
                                0x30a (size before relaxing)
 .debug_str     0x00000337      0x157 dac.o
                                0x276 (size before relaxing)
 .debug_str     0x0000048e      0x373 Neurotrigger2.o
                                0x57c (size before relaxing)
 .debug_str     0x00000801      0x17e pwm.o
                                0x59d (size before relaxing)
 .debug_str     0x0000097f       0xfa uart.o
                                0x2de (size before relaxing)
 .debug_str     0x00000a79      0x118 uart_buffer.o
                                0x23b (size before relaxing)
 .debug_str     0x00000b91       0xc6 ui.o
                                0x4f6 (size before relaxing)

.debug_loc      0x00000000      0xfb4
 *(.debug_loc)
 .debug_loc     0x00000000       0x5a ac.o
 .debug_loc     0x0000005a      0x246 adc.o
 .debug_loc     0x000002a0       0x66 dac.o
 .debug_loc     0x00000306       0x69 Neurotrigger2.o
 .debug_loc     0x0000036f      0x20a pwm.o
 .debug_loc     0x00000579      0x7ed uart.o
 .debug_loc     0x00000d66      0x180 uart_buffer.o
 .debug_loc     0x00000ee6       0xce ui.o

.debug_macinfo
 *(.debug_macinfo)
OUTPUT(Neurotrigger2.elf elf32-avr)
LOAD linker stubs

.debug_ranges   0x00000000       0x90
 .debug_ranges  0x00000000       0x90 uart_buffer.o
