Archive member included because of file (symbol)

c:/program files/winavr-20100110/bin/../lib/gcc/avr/4.3.3/avrxmega2\libgcc.a(_udivmodsi4.o)
                              adc.o (__udivmodsi4)
c:/program files/winavr-20100110/bin/../lib/gcc/avr/4.3.3/avrxmega2\libgcc.a(_exit.o)
                              c:/program files/winavr-20100110/bin/../lib/gcc/avr/4.3.3/../../../../avr/lib/avrxmega2/crtx16a4.o (exit)
c:/program files/winavr-20100110/bin/../lib/gcc/avr/4.3.3/avrxmega2\libgcc.a(_copy_data.o)
                              pwm.o (__do_copy_data)
c:/program files/winavr-20100110/bin/../lib/gcc/avr/4.3.3/avrxmega2\libgcc.a(_clear_bss.o)
                              neurotrigger2.o (__do_clear_bss)

Allocating common symbols
Common symbol       size              file

uart_itail          0x1               uart_buffer.o
adc_count           0x1               neurotrigger2.o
uart_ibuffer        0xa               uart_buffer.o
adc_avg             0x2               neurotrigger2.o
uart_head           0x1               uart_buffer.o
uart_buffer         0xfa              uart_buffer.o
STATE_Button        0x1               neurotrigger2.o
uart_ihead          0x1               uart_buffer.o
adc_max             0x2               neurotrigger2.o
adc_min             0x2               neurotrigger2.o
uart_tail           0x1               uart_buffer.o
port                0x2               uart_buffer.o

Memory Configuration

Name             Origin             Length             Attributes
text             0x00000000         0x00100000         xr
data             0x00802000         0x0000ffa0         rw !x
eeprom           0x00810000         0x00010000         rw !x
fuse             0x00820000         0x00000400         rw !x
lock             0x00830000         0x00000400         rw !x
signature        0x00840000         0x00000400         rw !x
*default*        0x00000000         0xffffffff

Linker script and memory map

LOAD c:/program files/winavr-20100110/bin/../lib/gcc/avr/4.3.3/../../../../avr/lib/avrxmega2/crtx16a4.o
LOAD neurotrigger2.o
LOAD uart.o
LOAD ui.o
LOAD dac.o
LOAD ac.o
LOAD adc.o
LOAD pwm.o
LOAD uart_buffer.o
LOAD c:/program files/winavr-20100110/bin/../lib/gcc/avr/4.3.3/avrxmega2\libgcc.a
LOAD c:/program files/winavr-20100110/bin/../lib/gcc/avr/4.3.3/../../../../avr/lib/avrxmega2\libc.a
LOAD c:/program files/winavr-20100110/bin/../lib/gcc/avr/4.3.3/avrxmega2\libgcc.a

.hash
 *(.hash)

.dynsym
 *(.dynsym)

.dynstr
 *(.dynstr)

.gnu.version
 *(.gnu.version)

.gnu.version_d
 *(.gnu.version_d)

.gnu.version_r
 *(.gnu.version_r)

.rel.init
 *(.rel.init)

.rela.init
 *(.rela.init)

.rel.text
 *(.rel.text)
 *(.rel.text.*)
 *(.rel.gnu.linkonce.t*)

.rela.text
 *(.rela.text)
 *(.rela.text.*)
 *(.rela.gnu.linkonce.t*)

.rel.fini
 *(.rel.fini)

.rela.fini
 *(.rela.fini)

.rel.rodata
 *(.rel.rodata)
 *(.rel.rodata.*)
 *(.rel.gnu.linkonce.r*)

.rela.rodata
 *(.rela.rodata)
 *(.rela.rodata.*)
 *(.rela.gnu.linkonce.r*)

.rel.data
 *(.rel.data)
 *(.rel.data.*)
 *(.rel.gnu.linkonce.d*)

.rela.data
 *(.rela.data)
 *(.rela.data.*)
 *(.rela.gnu.linkonce.d*)

.rel.ctors
 *(.rel.ctors)

.rela.ctors
 *(.rela.ctors)

.rel.dtors
 *(.rel.dtors)

.rela.dtors
 *(.rela.dtors)

.rel.got
 *(.rel.got)

.rela.got
 *(.rela.got)

.rel.bss
 *(.rel.bss)

.rela.bss
 *(.rela.bss)

.rel.plt
 *(.rel.plt)

.rela.plt
 *(.rela.plt)

.text           0x00000000     0x1374
 *(.vectors)
 .vectors       0x00000000      0x178 c:/program files/winavr-20100110/bin/../lib/gcc/avr/4.3.3/../../../../avr/lib/avrxmega2/crtx16a4.o
                0x00000000                __vectors
                0x00000000                __vector_default
 *(.vectors)
 *(.progmem.gcc*)
 *(.progmem*)
                0x00000178                . = ALIGN (0x2)
                0x00000178                __trampolines_start = .
 *(.trampolines)
 .trampolines   0x00000178        0x0 linker stubs
 *(.trampolines*)
                0x00000178                __trampolines_end = .
 *(.jumptables)
 *(.jumptables*)
 *(.lowtext)
 *(.lowtext*)
                0x00000178                __ctors_start = .
 *(.ctors)
                0x00000178                __ctors_end = .
                0x00000178                __dtors_start = .
 *(.dtors)
                0x00000178                __dtors_end = .
 SORT(*)(.ctors)
 SORT(*)(.dtors)
 *(.init0)
 .init0         0x00000178        0x0 c:/program files/winavr-20100110/bin/../lib/gcc/avr/4.3.3/../../../../avr/lib/avrxmega2/crtx16a4.o
                0x00000178                __init
 *(.init0)
 *(.init1)
 *(.init1)
 *(.init2)
 .init2         0x00000178        0xc c:/program files/winavr-20100110/bin/../lib/gcc/avr/4.3.3/../../../../avr/lib/avrxmega2/crtx16a4.o
 *(.init2)
 *(.init3)
 *(.init3)
 *(.init4)
 .init4         0x00000184       0x16 c:/program files/winavr-20100110/bin/../lib/gcc/avr/4.3.3/avrxmega2\libgcc.a(_copy_data.o)
                0x00000184                __do_copy_data
 .init4         0x0000019a       0x10 c:/program files/winavr-20100110/bin/../lib/gcc/avr/4.3.3/avrxmega2\libgcc.a(_clear_bss.o)
                0x0000019a                __do_clear_bss
 *(.init4)
 *(.init5)
 *(.init5)
 *(.init6)
 *(.init6)
 *(.init7)
 *(.init7)
 *(.init8)
 *(.init8)
 *(.init9)
 .init9         0x000001aa        0x8 c:/program files/winavr-20100110/bin/../lib/gcc/avr/4.3.3/../../../../avr/lib/avrxmega2/crtx16a4.o
 *(.init9)
 *(.text)
 .text          0x000001b2        0x4 c:/program files/winavr-20100110/bin/../lib/gcc/avr/4.3.3/../../../../avr/lib/avrxmega2/crtx16a4.o
                0x000001b2                __vector_38
                0x000001b2                __vector_22
                0x000001b2                __vector_63
                0x000001b2                __vector_28
                0x000001b2                __vector_67
                0x000001b2                __vector_1
                0x000001b2                __vector_32
                0x000001b2                __vector_75
                0x000001b2                __vector_71
                0x000001b2                __vector_91
                0x000001b2                __vector_34
                0x000001b2                __vector_62
                0x000001b2                __vector_77
                0x000001b2                __vector_24
                0x000001b2                __vector_12
                0x000001b2                __vector_55
                0x000001b2                __vector_69
                0x000001b2                __vector_81
                0x000001b2                __vector_90
                0x000001b2                __vector_46
                0x000001b2                __bad_interrupt
                0x000001b2                __vector_72
                0x000001b2                __vector_6
                0x000001b2                __vector_31
                0x000001b2                __vector_92
                0x000001b2                __vector_35
                0x000001b2                __vector_78
                0x000001b2                __vector_74
                0x000001b2                __vector_39
                0x000001b2                __vector_3
                0x000001b2                __vector_23
                0x000001b2                __vector_30
                0x000001b2                __vector_73
                0x000001b2                __vector_45
                0x000001b2                __vector_25
                0x000001b2                __vector_93
                0x000001b2                __vector_61
                0x000001b2                __vector_11
                0x000001b2                __vector_54
                0x000001b2                __vector_13
                0x000001b2                __vector_17
                0x000001b2                __vector_19
                0x000001b2                __vector_56
                0x000001b2                __vector_7
                0x000001b2                __vector_49
                0x000001b2                __vector_41
                0x000001b2                __vector_86
                0x000001b2                __vector_64
                0x000001b2                __vector_88
                0x000001b2                __vector_43
                0x000001b2                __vector_27
                0x000001b2                __vector_5
                0x000001b2                __vector_33
                0x000001b2                __vector_76
                0x000001b2                __vector_47
                0x000001b2                __vector_52
                0x000001b2                __vector_37
                0x000001b2                __vector_89
                0x000001b2                __vector_4
                0x000001b2                __vector_44
                0x000001b2                __vector_82
                0x000001b2                __vector_51
                0x000001b2                __vector_9
                0x000001b2                __vector_21
                0x000001b2                __vector_15
                0x000001b2                __vector_66
                0x000001b2                __vector_36
                0x000001b2                __vector_79
                0x000001b2                __vector_58
                0x000001b2                __vector_70
                0x000001b2                __vector_83
                0x000001b2                __vector_29
                0x000001b2                __vector_60
                0x000001b2                __vector_40
                0x000001b2                __vector_85
                0x000001b2                __vector_8
                0x000001b2                __vector_26
                0x000001b2                __vector_48
                0x000001b2                __vector_80
                0x000001b2                __vector_14
                0x000001b2                __vector_84
                0x000001b2                __vector_57
                0x000001b2                __vector_53
                0x000001b2                __vector_10
                0x000001b2                __vector_50
                0x000001b2                __vector_16
                0x000001b2                __vector_18
                0x000001b2                __vector_20
                0x000001b2                __vector_42
                0x000001b2                __vector_87
                0x000001b2                __vector_65
 .text          0x000001b6      0x1ea neurotrigger2.o
                0x000001b6                main
 .text          0x000003a0      0x6e6 uart.o
                0x0000096c                uart_enq_BIN4
                0x0000087e                uart_send_HEX16
                0x000003a0                init_uart
                0x00000a66                uart_enq_BIN8
                0x0000070c                uart_send_BIN8
                0x0000089e                uart_enq_HEX4
                0x00000946                uart_enq_HEX16
                0x0000095a                uart_enq_HEX16b
                0x0000092e                uart_enq_HEX8
                0x00000440                uart_send_BIN4
                0x0000083a                uart_send_HEX8
                0x00000434                uart_send_byte
                0x00000860                uart_send_HEX16b
                0x0000073e                uart_send_HEX4
 .text          0x00000a86      0x1b2 ui.o
                0x00000ae8                led_dim
                0x00000b16                led_on
                0x00000b86                sw_on
                0x00000a86                init_ui
                0x00000b44                service_leds
                0x00000b1e                led_toggle
                0x00000bc0                service_switches
                0x00000b46                __vector_2
                0x00000b0e                led_off
                0x00000b84                service_button
 .text          0x00000c38       0x40 dac.o
                0x00000c6c                dac_out1
                0x00000c4a                dac_output0
                0x00000c62                dac_out0
                0x00000c76                service_dac
                0x00000c38                init_dac
 .text          0x00000c78       0x54 ac.o
                0x00000cb8                ac_polarity
                0x00000cca                service_ac
                0x00000c78                init_ac
                0x00000c8a                ac_output
                0x00000ca0                ac_hysteresis
 .text          0x00000ccc      0x1d4 adc.o
                0x00000d2a                adc_ch0_stats
                0x00000de4                adc_ch1_stats
                0x00000ccc                init_adc
                0x00000ce2                adc_ch0
                0x00000e9e                service_adc
                0x00000d06                adc_ch1
 .text          0x00000ea0      0x286 pwm.o
                0x00000eb0                between
                0x0000102c                __vector_68
                0x00000f20                pwm_decode
                0x00000ecc                pwm_pulse
                0x00000ea0                init_pwm
                0x000010bc                pwm_mode
                0x00000ea2                pwm_timer_reset
                0x00000ee2                service_pwm
                0x000010d4                pwm_enable
                0x000010c4                pwm_disable
 .text          0x00001126      0x206 uart_buffer.o
                0x000012e4                uart_ienqueue
                0x00001218                uart_txbuffer_enable
                0x000012be                uart_icount
                0x00001126                uart_transmit
                0x00001242                uart_count
                0x00001290                uart_dequeue
                0x00001238                init_uart_obuffer
                0x00001228                uart_txbuffer_disable
                0x00001268                uart_enqueue
                0x000012b4                init_uart_ibuffer
                0x00001308                uart_idequeue
                0x00001206                init_uart_buffer
                0x000011be                __vector_59
 .text          0x0000132c        0x0 c:/program files/winavr-20100110/bin/../lib/gcc/avr/4.3.3/avrxmega2\libgcc.a(_udivmodsi4.o)
 .text          0x0000132c        0x0 c:/program files/winavr-20100110/bin/../lib/gcc/avr/4.3.3/avrxmega2\libgcc.a(_exit.o)
 .text          0x0000132c        0x0 c:/program files/winavr-20100110/bin/../lib/gcc/avr/4.3.3/avrxmega2\libgcc.a(_copy_data.o)
 .text          0x0000132c        0x0 c:/program files/winavr-20100110/bin/../lib/gcc/avr/4.3.3/avrxmega2\libgcc.a(_clear_bss.o)
                0x0000132c                . = ALIGN (0x2)
 *(.text.*)
 .text.libgcc   0x0000132c       0x44 c:/program files/winavr-20100110/bin/../lib/gcc/avr/4.3.3/avrxmega2\libgcc.a(_udivmodsi4.o)
                0x0000132c                __udivmodsi4
 .text.libgcc   0x00001370        0x0 c:/program files/winavr-20100110/bin/../lib/gcc/avr/4.3.3/avrxmega2\libgcc.a(_exit.o)
 .text.libgcc   0x00001370        0x0 c:/program files/winavr-20100110/bin/../lib/gcc/avr/4.3.3/avrxmega2\libgcc.a(_copy_data.o)
 .text.libgcc   0x00001370        0x0 c:/program files/winavr-20100110/bin/../lib/gcc/avr/4.3.3/avrxmega2\libgcc.a(_clear_bss.o)
                0x00001370                . = ALIGN (0x2)
 *(.fini9)
 .fini9         0x00001370        0x0 c:/program files/winavr-20100110/bin/../lib/gcc/avr/4.3.3/avrxmega2\libgcc.a(_exit.o)
                0x00001370                exit
                0x00001370                _exit
 *(.fini9)
 *(.fini8)
 *(.fini8)
 *(.fini7)
 *(.fini7)
 *(.fini6)
 *(.fini6)
 *(.fini5)
 *(.fini5)
 *(.fini4)
 *(.fini4)
 *(.fini3)
 *(.fini3)
 *(.fini2)
 *(.fini2)
 *(.fini1)
 *(.fini1)
 *(.fini0)
 .fini0         0x00001370        0x4 c:/program files/winavr-20100110/bin/../lib/gcc/avr/4.3.3/avrxmega2\libgcc.a(_exit.o)
 *(.fini0)
                0x00001374                _etext = .

.data           0x00802000        0x2 load address 0x00001374
                0x00802000                PROVIDE (__data_start, .)
 *(.data)
 .data          0x00802000        0x0 c:/program files/winavr-20100110/bin/../lib/gcc/avr/4.3.3/../../../../avr/lib/avrxmega2/crtx16a4.o
 .data          0x00802000        0x0 neurotrigger2.o
 .data          0x00802000        0x0 uart.o
 .data          0x00802000        0x0 ui.o
 .data          0x00802000        0x0 dac.o
 .data          0x00802000        0x0 ac.o
 .data          0x00802000        0x0 adc.o
 .data          0x00802000        0x1 pwm.o
                0x00802000                STATE_Pwm
 .data          0x00802001        0x0 uart_buffer.o
 .data          0x00802001        0x0 c:/program files/winavr-20100110/bin/../lib/gcc/avr/4.3.3/avrxmega2\libgcc.a(_udivmodsi4.o)
 .data          0x00802001        0x0 c:/program files/winavr-20100110/bin/../lib/gcc/avr/4.3.3/avrxmega2\libgcc.a(_exit.o)
 .data          0x00802001        0x0 c:/program files/winavr-20100110/bin/../lib/gcc/avr/4.3.3/avrxmega2\libgcc.a(_copy_data.o)
 .data          0x00802001        0x0 c:/program files/winavr-20100110/bin/../lib/gcc/avr/4.3.3/avrxmega2\libgcc.a(_clear_bss.o)
 *(.data*)
 *(.rodata)
 *(.rodata*)
 *(.gnu.linkonce.d*)
                0x00802002                . = ALIGN (0x2)
 *fill*         0x00802001        0x1 00
                0x00802002                _edata = .
                0x00802002                PROVIDE (__data_end, .)

.bss            0x00802002      0x116
                0x00802002                PROVIDE (__bss_start, .)
 *(.bss)
 .bss           0x00802002        0x0 c:/program files/winavr-20100110/bin/../lib/gcc/avr/4.3.3/../../../../avr/lib/avrxmega2/crtx16a4.o
 .bss           0x00802002        0x1 neurotrigger2.o
                0x00802002                STATE_Autolevel
 .bss           0x00802003        0x0 uart.o
 .bss           0x00802003        0x1 ui.o
 .bss           0x00802004        0x0 dac.o
 .bss           0x00802004        0x0 ac.o
 .bss           0x00802004        0x0 adc.o
 .bss           0x00802004        0x2 pwm.o
                0x00802004                STATE_Pwm_Counter
 .bss           0x00802006        0x0 uart_buffer.o
 .bss           0x00802006        0x0 c:/program files/winavr-20100110/bin/../lib/gcc/avr/4.3.3/avrxmega2\libgcc.a(_udivmodsi4.o)
 .bss           0x00802006        0x0 c:/program files/winavr-20100110/bin/../lib/gcc/avr/4.3.3/avrxmega2\libgcc.a(_exit.o)
 .bss           0x00802006        0x0 c:/program files/winavr-20100110/bin/../lib/gcc/avr/4.3.3/avrxmega2\libgcc.a(_copy_data.o)
 .bss           0x00802006        0x0 c:/program files/winavr-20100110/bin/../lib/gcc/avr/4.3.3/avrxmega2\libgcc.a(_clear_bss.o)
 *(.bss*)
 *(COMMON)
 COMMON         0x00802006        0x8 neurotrigger2.o
                0x00802006                adc_count
                0x00802007                adc_avg
                0x00802009                STATE_Button
                0x0080200a                adc_max
                0x0080200c                adc_min
 COMMON         0x0080200e      0x10a uart_buffer.o
                0x0080200e                uart_itail
                0x0080200f                uart_ibuffer
                0x00802019                uart_head
                0x0080201a                uart_buffer
                0x00802114                uart_ihead
                0x00802115                uart_tail
                0x00802116                port
                0x00802118                PROVIDE (__bss_end, .)
                0x00001374                __data_load_start = LOADADDR (.data)
                0x00001376                __data_load_end = (__data_load_start + SIZEOF (.data))

.noinit         0x00802118        0x0
                0x00802118                PROVIDE (__noinit_start, .)
 *(.noinit*)
                0x00802118                PROVIDE (__noinit_end, .)
                0x00802118                _end = .
                0x00802118                PROVIDE (__heap_start, .)

.eeprom         0x00810000        0x0
 *(.eeprom*)
                0x00810000                __eeprom_end = .

.fuse
 *(.fuse)
 *(.lfuse)
 *(.hfuse)
 *(.efuse)

.lock
 *(.lock*)

.signature
 *(.signature*)

.stab
 *(.stab)

.stabstr
 *(.stabstr)

.stab.excl
 *(.stab.excl)

.stab.exclstr
 *(.stab.exclstr)

.stab.index
 *(.stab.index)

.stab.indexstr
 *(.stab.indexstr)

.comment
 *(.comment)

.debug
 *(.debug)

.line
 *(.line)

.debug_srcinfo
 *(.debug_srcinfo)

.debug_sfnames
 *(.debug_sfnames)

.debug_aranges  0x00000000      0x100
 *(.debug_aranges)
 .debug_aranges
                0x00000000       0x20 neurotrigger2.o
 .debug_aranges
                0x00000020       0x20 uart.o
 .debug_aranges
                0x00000040       0x20 ui.o
 .debug_aranges
                0x00000060       0x20 dac.o
 .debug_aranges
                0x00000080       0x20 ac.o
 .debug_aranges
                0x000000a0       0x20 adc.o
 .debug_aranges
                0x000000c0       0x20 pwm.o
 .debug_aranges
                0x000000e0       0x20 uart_buffer.o

.debug_pubnames
                0x00000000      0x632
 *(.debug_pubnames)
 .debug_pubnames
                0x00000000       0x72 neurotrigger2.o
 .debug_pubnames
                0x00000072      0x128 uart.o
 .debug_pubnames
                0x0000019a       0xb3 ui.o
 .debug_pubnames
                0x0000024d       0x6a dac.o
 .debug_pubnames
                0x000002b7       0x6e ac.o
 .debug_pubnames
                0x00000325       0xae adc.o
 .debug_pubnames
                0x000003d3       0xdd pwm.o
 .debug_pubnames
                0x000004b0      0x182 uart_buffer.o

.debug_info     0x00000000     0x3fcd
 *(.debug_info)
 .debug_info    0x00000000      0x940 neurotrigger2.o
 .debug_info    0x00000940      0xf08 uart.o
 .debug_info    0x00001848      0xde1 ui.o
 .debug_info    0x00002629      0x343 dac.o
 .debug_info    0x0000296c      0x1d1 ac.o
 .debug_info    0x00002b3d      0x601 adc.o
 .debug_info    0x0000313e      0xaa5 pwm.o
 .debug_info    0x00003be3      0x3ea uart_buffer.o
 *(.gnu.linkonce.wi.*)

.debug_abbrev   0x00000000      0xb23
 *(.debug_abbrev)
 .debug_abbrev  0x00000000      0x125 neurotrigger2.o
 .debug_abbrev  0x00000125      0x16b uart.o
 .debug_abbrev  0x00000290      0x163 ui.o
 .debug_abbrev  0x000003f3       0xf5 dac.o
 .debug_abbrev  0x000004e8      0x112 ac.o
 .debug_abbrev  0x000005fa      0x15a adc.o
 .debug_abbrev  0x00000754      0x1f0 pwm.o
 .debug_abbrev  0x00000944      0x1df uart_buffer.o

.debug_line     0x00000000     0x1b8d
 *(.debug_line)
 .debug_line    0x00000000      0x2c6 neurotrigger2.o
 .debug_line    0x000002c6      0x8dd uart.o
 .debug_line    0x00000ba3      0x2ff ui.o
 .debug_line    0x00000ea2      0x161 dac.o
 .debug_line    0x00001003      0x188 ac.o
 .debug_line    0x0000118b      0x28e adc.o
 .debug_line    0x00001419      0x410 pwm.o
 .debug_line    0x00001829      0x364 uart_buffer.o

.debug_frame    0x00000000      0x480
 *(.debug_frame)
 .debug_frame   0x00000000       0x20 neurotrigger2.o
 .debug_frame   0x00000020       0xf0 uart.o
 .debug_frame   0x00000110       0xb0 ui.o
 .debug_frame   0x000001c0       0x60 dac.o
 .debug_frame   0x00000220       0x60 ac.o
 .debug_frame   0x00000280       0x70 adc.o
 .debug_frame   0x000002f0       0xb0 pwm.o
 .debug_frame   0x000003a0       0xe0 uart_buffer.o

.debug_str      0x00000000      0xbff
 *(.debug_str)
 .debug_str     0x00000000      0x533 neurotrigger2.o
                                0x584 (size before relaxing)
 .debug_str     0x00000533      0x1a6 uart.o
                                0x307 (size before relaxing)
 .debug_str     0x000006d9       0xc6 ui.o
                                0x50a (size before relaxing)
 .debug_str     0x0000079f       0xe1 dac.o
                                0x28c (size before relaxing)
 .debug_str     0x00000880       0x74 ac.o
                                0x182 (size before relaxing)
 .debug_str     0x000008f4      0x14d adc.o
                                0x32e (size before relaxing)
 .debug_str     0x00000a41       0xa8 pwm.o
                                0x541 (size before relaxing)
 .debug_str     0x00000ae9      0x116 uart_buffer.o
                                0x26b (size before relaxing)

.debug_loc      0x00000000      0x7a1
 *(.debug_loc)
 .debug_loc     0x00000000      0x3f0 uart.o
 .debug_loc     0x000003f0       0xac ui.o
 .debug_loc     0x0000049c       0x1e dac.o
 .debug_loc     0x000004ba       0x5a ac.o
 .debug_loc     0x00000514      0x1c6 adc.o
 .debug_loc     0x000006da       0x68 pwm.o
 .debug_loc     0x00000742       0x5f uart_buffer.o

.debug_macinfo
 *(.debug_macinfo)
OUTPUT(neurotrigger2.elf elf32-avr)
LOAD linker stubs
